Copyright 1986-2019 Xilinx, Inc. All Rights Reserved.
------------------------------------------------------------------------------------
| Tool Version : Vivado v.2019.2 (win64) Build 2708876 Wed Nov  6 21:40:23 MST 2019
| Date         : Fri May 15 15:21:38 2026
| Host         : nine running 64-bit major release  (build 9200)
| Command      : report_control_sets -verbose -file top_control_sets_placed.rpt
| Design       : top
| Device       : xc7z020
------------------------------------------------------------------------------------

Control Set Information

Table of Contents
-----------------
1. Summary
2. Histogram
3. Flip-Flop Distribution
4. Detailed Control Set Information

1. Summary
----------

+----------------------------------------------------------+-------+
|                          Status                          | Count |
+----------------------------------------------------------+-------+
| Total control sets                                       |    17 |
|    Minimum number of control sets                        |    17 |
|    Addition due to synthesis replication                 |     0 |
|    Addition due to physical synthesis replication        |     0 |
| Unused register locations in slices containing registers |    32 |
+----------------------------------------------------------+-------+
* Control sets can be merged at opt_design using control_set_merge or merge_equivalent_drivers
** Run report_qor_suggestions for automated merging and remapping suggestions


2. Histogram
------------

+--------------------+-------+
|       Fanout       | Count |
+--------------------+-------+
| Total control sets |    17 |
| >= 0 to < 4        |     1 |
| >= 4 to < 6        |     1 |
| >= 6 to < 8        |     0 |
| >= 8 to < 10       |     1 |
| >= 10 to < 12      |     1 |
| >= 12 to < 14      |     1 |
| >= 14 to < 16      |     3 |
| >= 16              |     9 |
+--------------------+-------+
* Control sets can be remapped at either synth_design or opt_design


3. Flip-Flop Distribution
-------------------------

+--------------+-----------------------+------------------------+-----------------+--------------+
| Clock Enable | Synchronous Set/Reset | Asynchronous Set/Reset | Total Registers | Total Slices |
+--------------+-----------------------+------------------------+-----------------+--------------+
| No           | No                    | No                     |               0 |            0 |
| No           | No                    | Yes                    |              58 |           23 |
| No           | Yes                   | No                     |               0 |            0 |
| Yes          | No                    | No                     |               0 |            0 |
| Yes          | No                    | Yes                    |             206 |           68 |
| Yes          | Yes                   | No                     |               0 |            0 |
+--------------+-----------------------+------------------------+-----------------+--------------+


4. Detailed Control Set Information
-----------------------------------

+-------------------------------------+----------------------------------------------------------------------------------------+--------------------------------------------------------------+------------------+----------------+
|             Clock Signal            |                                      Enable Signal                                     |                       Set/Reset Signal                       | Slice Load Count | Bel Load Count |
+-------------------------------------+----------------------------------------------------------------------------------------+--------------------------------------------------------------+------------------+----------------+
|  clk_wiz_40_96m_inst0/inst/clk_out1 | spi_reg_control_inst0/spi_control_inst0/spi_slave_inst0/spi_miso_i_1_n_0               | spi_reg_control_inst0/spi_control_inst0/spi_slave_inst0/rstn |                1 |              1 |
|  clk_wiz_40_96m_inst0/inst/clk_out1 | spi_reg_control_inst0/spi_control_inst0/spi_slave_inst0/bit_count[3]_i_1_n_0           | spi_reg_control_inst0/spi_control_inst0/spi_slave_inst0/rstn |                1 |              4 |
|  clk_wiz_40_96m_inst0/inst/clk_out1 | spi_reg_control_inst0/spi_control_inst0/spi_slave_inst0/E[0]                           | spi_reg_control_inst0/spi_control_inst0/spi_slave_inst0/rstn |                2 |              8 |
|  clk_wiz_40_96m_inst0/inst/clk_out1 | adc_ram_control_inst0/w_ram_addr[9]_i_1_n_0                                            | spi_reg_control_inst0/spi_control_inst0/spi_slave_inst0/rstn |                3 |             10 |
|  clk_wiz_40_96m_inst0/inst/clk_out1 | spi_reg_control_inst0/spi_control_inst0/w_reg_addr_reg[8]_1[0]                         | spi_reg_control_inst0/spi_control_inst0/spi_slave_inst0/rstn |                5 |             12 |
|  clk_wiz_40_96m_inst0/inst/clk_out1 | ad9248_inst0/adc_out[13]_i_1_n_0                                                       | spi_reg_control_inst0/spi_control_inst0/spi_slave_inst0/rstn |                6 |             14 |
|  clk_wiz_40_96m_inst0/inst/clk_out1 | ad9248_inst1/adc_out[13]_i_1__0_n_0                                                    | spi_reg_control_inst0/spi_control_inst0/spi_slave_inst0/rstn |                4 |             14 |
|  clk_wiz_40_96m_inst0/inst/clk_out1 | spi_reg_control_inst0/spi_control_inst0/spi_slave_inst0/rx_shift_reg[14]_i_1_n_0       | spi_reg_control_inst0/spi_control_inst0/spi_slave_inst0/rstn |                2 |             15 |
|  clk_wiz_40_96m_inst0/inst/clk_out1 | spi_reg_control_inst0/spi_control_inst0/w_reg_addr_reg[8]_0[1]                         | spi_reg_control_inst0/spi_control_inst0/spi_slave_inst0/rstn |                7 |             16 |
|  clk_wiz_40_96m_inst0/inst/clk_out1 | spi_reg_control_inst0/spi_control_inst0/w_reg_addr_reg[8]_0[0]                         | spi_reg_control_inst0/spi_control_inst0/spi_slave_inst0/rstn |                3 |             16 |
|  clk_wiz_40_96m_inst0/inst/clk_out1 | spi_reg_control_inst0/spi_control_inst0/E[0]                                           | spi_reg_control_inst0/spi_control_inst0/spi_slave_inst0/rstn |                4 |             16 |
|  clk_wiz_40_96m_inst0/inst/clk_out1 | spi_reg_control_inst0/spi_control_inst0/r_reg_addr_reg[15]_0[0]                        | spi_reg_control_inst0/spi_control_inst0/spi_slave_inst0/rstn |               10 |             16 |
|  clk_wiz_40_96m_inst0/inst/clk_out1 | spi_reg_control_inst0/spi_control_inst0/spi_slave_inst0/tx_shift_reg                   | spi_reg_control_inst0/spi_control_inst0/spi_slave_inst0/rstn |                3 |             16 |
|  clk_wiz_40_96m_inst0/inst/clk_out1 | spi_reg_control_inst0/spi_control_inst0/spi_slave_inst0/spi_data_out[15]_i_1_n_0       | spi_reg_control_inst0/spi_control_inst0/spi_slave_inst0/rstn |                5 |             16 |
|  clk_wiz_40_96m_inst0/inst/clk_out1 | spi_reg_control_inst0/spi_control_inst0/spi_slave_inst0/FSM_sequential_state_reg[0][0] | spi_reg_control_inst0/spi_control_inst0/spi_slave_inst0/rstn |                6 |             16 |
|  clk_wiz_40_96m_inst0/inst/clk_out1 | spi_reg_control_inst0/spi_control_inst0/spi_slave_inst0/FSM_sequential_state_reg[1][0] | spi_reg_control_inst0/spi_control_inst0/spi_slave_inst0/rstn |                6 |             16 |
|  clk_wiz_40_96m_inst0/inst/clk_out1 |                                                                                        | spi_reg_control_inst0/spi_control_inst0/spi_slave_inst0/rstn |               23 |             58 |
+-------------------------------------+----------------------------------------------------------------------------------------+--------------------------------------------------------------+------------------+----------------+


